// Jest Snapshot v1, https://goo.gl/fbAQLP

exports[`Index Page renders correctly 1`] = `
<DocumentFragment>
  <div
    class="css-k008qs"
  >
    <h1
      data-testid="login"
    >
      mindingo
    </h1>
  </div>
</DocumentFragment>
`;

exports[`Login Page renders correctly 1`] = `
<DocumentFragment>
  <div
    class="css-k008qs"
  >
    <h1
      data-testid="login"
    >
      mindingo
    </h1>
  </div>
</DocumentFragment>
`;

exports[`Login Page should renders login page correctly 1`] = `
<DocumentFragment>
  <div
    class="css-k008qs"
  >
    <h1
      data-testid="login"
    >
      mindingo
    </h1>
  </div>
</DocumentFragment>
`;
