// Jest Snapshot v1, https://goo.gl/fbAQLP

exports[`Login Page should renders login page correctly 1`] = `
<DocumentFragment>
  <div
    class="css-h74a88"
    v="100vh"
  >
    <form
      class="css-kwzi0y"
    >
      <div
        class="chakra-stack css-n21gh5"
      >
        <div
          class="chakra-form-control css-1kxonj9"
          role="group"
        >
          <label
            class="chakra-form__label css-uvho5g"
            for="field-1"
            id="field-1-label"
          >
            Seu Email
          </label>
          <input
            aria-describedby="field-1-helptext"
            class="chakra-input css-0"
            data-testid="login-email-field"
            id="field-1"
            name="name"
            type="email"
          />
          <div
            class="chakra-form__helper-text css-0"
            id="field-1-helptext"
          >
            Pare de usar e-mail da bol
          </div>
        </div>
        <div
          class="chakra-form-control css-1kxonj9"
          role="group"
        >
          <label
            class="chakra-form__label css-uvho5g"
            for="field-2"
            id="field-2-label"
          >
            Sua senha:
          </label>
          <input
            aria-describedby="field-2-helptext"
            class="chakra-input css-0"
            data-testid="login-password-field"
            id="field-2"
            name="password"
            type="password"
          />
          <div
            class="chakra-form__helper-text css-0"
            id="field-2-helptext"
          >
            Respeitamos a LGPD
          </div>
        </div>
        <button
          class="chakra-button css-6k6edw"
          data-testid="login-submit-button"
          type="button"
        >
          Sign In
        </button>
      </div>
    </form>
  </div>
</DocumentFragment>
`;
